2026-04-02T05:42:34.001732Z	Cloning repository...
2026-04-02T05:42:38.63856Z	From https://github.com/ceaserandrew/OasisBio
2026-04-02T05:42:38.638898Z	 * branch            6da2672e67e54cc91accb72c2f839dab490e11f3 -> FETCH_HEAD
2026-04-02T05:42:38.638947Z	
2026-04-02T05:42:39.690432Z	HEAD is now at 6da2672 update
2026-04-02T05:42:39.69076Z	
2026-04-02T05:42:39.72941Z	
2026-04-02T05:42:39.729796Z	Using v2 root directory strategy
2026-04-02T05:42:39.742086Z	Success: Finished cloning repository files
2026-04-02T05:42:41.008611Z	Checking for configuration in a Wrangler configuration file (BETA)
2026-04-02T05:42:41.00899Z	
2026-04-02T05:42:42.088129Z	No Wrangler configuration file found. Continuing.
2026-04-02T05:42:42.267965Z	Detected the following tools from environment: npm@10.9.2, nodejs@22.16.0
2026-04-02T05:42:42.268427Z	Installing project dependencies: npm clean-install --progress=false
2026-04-02T05:42:45.764934Z	npm warn deprecated rimraf@3.0.2: Rimraf versions prior to v4 are no longer supported
2026-04-02T05:42:46.543812Z	npm warn deprecated inflight@1.0.6: This module is not supported, and leaks memory. Do not use it. Check out lru-cache if you want a good and tested way to coalesce async requests by a key value, which is much more comprehensive and powerful.
2026-04-02T05:42:48.312005Z	npm warn deprecated @humanwhocodes/object-schema@2.0.3: Use @eslint/object-schema instead
2026-04-02T05:42:48.359303Z	npm warn deprecated @humanwhocodes/config-array@0.11.14: Use @eslint/config-array instead
2026-04-02T05:42:49.022638Z	npm warn deprecated glob@7.2.3: Old versions of glob are not supported, and contain widely publicized security vulnerabilities, which have been fixed in the current version. Please update. Support for old versions may be purchased (at exorbitant rates) by contacting i@izs.me
2026-04-02T05:42:49.742078Z	npm warn deprecated glob@10.3.10: Old versions of glob are not supported, and contain widely publicized security vulnerabilities, which have been fixed in the current version. Please update. Support for old versions may be purchased (at exorbitant rates) by contacting i@izs.me
2026-04-02T05:42:50.2623Z	npm warn deprecated @supabase/auth-helpers-nextjs@0.15.0: Package no longer supported. Contact Support at https://www.npmjs.com/support for more info.
2026-04-02T05:42:51.952466Z	npm warn deprecated eslint@8.57.0: This version is no longer supported. Please see https://eslint.org/version-support for other options.
2026-04-02T05:43:57.575845Z	npm warn deprecated next@14.1.4: This version has a security vulnerability. Please upgrade to a patched version. See https://nextjs.org/blog/security-update-2025-12-11 for more details.
2026-04-02T05:44:01.559054Z	
2026-04-02T05:44:01.559288Z	added 810 packages, and audited 811 packages in 1m
2026-04-02T05:44:01.55936Z	
2026-04-02T05:44:01.559447Z	250 packages are looking for funding
2026-04-02T05:44:01.55983Z	  run `npm fund` for details
2026-04-02T05:44:01.955099Z	
2026-04-02T05:44:01.955468Z	18 vulnerabilities (2 moderate, 15 high, 1 critical)
2026-04-02T05:44:01.955558Z	
2026-04-02T05:44:01.955597Z	To address issues that do not require attention, run:
2026-04-02T05:44:01.955637Z	  npm audit fix
2026-04-02T05:44:01.955689Z	
2026-04-02T05:44:01.955723Z	To address all issues (including breaking changes), run:
2026-04-02T05:44:01.955752Z	  npm audit fix --force
2026-04-02T05:44:01.955802Z	
2026-04-02T05:44:01.955831Z	Run `npm audit` for details.
2026-04-02T05:44:02.076568Z	Executing user command: npm run build
2026-04-02T05:44:02.353867Z	
2026-04-02T05:44:02.354172Z	> oasisbio@0.1.0 build
2026-04-02T05:44:02.354289Z	> next build
2026-04-02T05:44:02.354392Z	
2026-04-02T05:44:03.25841Z	⚠ No build cache found. Please configure build caching for faster rebuilds. Read more: https://nextjs.org/docs/messages/no-cache
2026-04-02T05:44:03.262324Z	Attention: Next.js now collects completely anonymous telemetry regarding usage.
2026-04-02T05:44:03.262427Z	This information is used to shape Next.js' roadmap and prioritize features.
2026-04-02T05:44:03.26248Z	You can learn more, including how to opt-out if you'd not like to participate in this anonymous program, by visiting the following URL:
2026-04-02T05:44:03.262527Z	https://nextjs.org/telemetry
2026-04-02T05:44:03.262786Z	
2026-04-02T05:44:03.356342Z	   ▲ Next.js 14.1.4
2026-04-02T05:44:03.356605Z	
2026-04-02T05:44:03.433416Z	   Creating an optimized production build ...
2026-04-02T05:44:26.868796Z	 ✓ Compiled successfully
2026-04-02T05:44:26.86948Z	   Linting and checking validity of types ...
2026-04-02T05:44:34.449801Z	   Collecting page data ...
2026-04-02T05:44:34.872769Z	Error: supabaseKey is required.
2026-04-02T05:44:34.873065Z	    at new rg (/opt/buildhome/repo/.next/server/chunks/3950.js:37:48387)
2026-04-02T05:44:34.873145Z	    at ry (/opt/buildhome/repo/.next/server/chunks/3950.js:37:52110)
2026-04-02T05:44:34.873202Z	    at 63497 (/opt/buildhome/repo/.next/server/app/api/auth/register/route.js:1:1713)
2026-04-02T05:44:34.873247Z	    at t (/opt/buildhome/repo/.next/server/webpack-runtime.js:1:128)
2026-04-02T05:44:34.873299Z	    at 98270 (/opt/buildhome/repo/.next/server/app/api/auth/register/route.js:1:455)
2026-04-02T05:44:34.873363Z	    at t (/opt/buildhome/repo/.next/server/webpack-runtime.js:1:128)
2026-04-02T05:44:34.873459Z	    at t (/opt/buildhome/repo/.next/server/app/api/auth/register/route.js:1:1873)
2026-04-02T05:44:34.873496Z	    at /opt/buildhome/repo/.next/server/app/api/auth/register/route.js:1:1911
2026-04-02T05:44:34.873546Z	    at t.X (/opt/buildhome/repo/.next/server/webpack-runtime.js:1:1206)
2026-04-02T05:44:34.873582Z	    at /opt/buildhome/repo/.next/server/app/api/auth/register/route.js:1:1886
2026-04-02T05:44:34.87361Z	
2026-04-02T05:44:34.873638Z	> Build error occurred
2026-04-02T05:44:34.873666Z	Error: Failed to collect page data for /api/auth/register
2026-04-02T05:44:34.873694Z	    at /opt/buildhome/repo/node_modules/next/dist/build/utils.js:1258:15
2026-04-02T05:44:34.873727Z	    at process.processTicksAndRejections (node:internal/process/task_queues:105:5) {
2026-04-02T05:44:34.873757Z	  type: 'Error'
2026-04-02T05:44:34.873794Z	}
2026-04-02T05:44:35.036503Z	Failed: Error while executing user command. Exited with error code: 1
2026-04-02T05:44:35.052569Z	Failed: build command exited with code: 1
2026-04-02T05:44:36.016618Z	Failed: error occurred while running build command